// Jest Snapshot v1, https://goo.gl/fbAQLP

exports[`IndexPage Default should render correctly 1`] = `
<div>
  <div
    class="sc-bgqQcB"
  >
    IndexPage
  </div>
</div>
`;
