// Jest Snapshot v1, https://goo.gl/fbAQLP

exports[`Template Default should render correctly 1`] = `
<div>
  <div
    class="sc-bgqQcB"
  >
    Template
  </div>
</div>
`;
