// Jest Snapshot v1, https://goo.gl/fbAQLP

exports[`TemplatePage Default should render correctly 1`] = `
<div>
  <div
    class="sc-bgqQcB"
  >
    TemplatePage
  </div>
</div>
`;
